┏━━━━━━━━━━━━━━━━━━━━━━┳━━━━━━━━━━┳━━━━━━━━━━┳━━━━━━━━━━┳━━━━━━━━━━┳━━━━━━━━━━━┳━━━━━━━━━━┳━━━━━━━━━━━┳━━━━━━━━━━┳━━━━━━━━━━━┳━━━━━━━━━━┳━━━━━━━━━━━┳━━━━━━━━━━┓
┃                      ┃ Hold     ┃ Reg to   ┃          ┃          ┃ of which  ┃ Setup    ┃           ┃          ┃           ┃ of which ┃           ┃          ┃
┃                      ┃ Worst    ┃ Reg      ┃          ┃ Hold Vio ┃ reg to    ┃ Worst    ┃ Reg to    ┃ Setup    ┃ Setup Vio ┃ reg to   ┃ Max Cap   ┃ Max Slew ┃
┃ Corner/Group         ┃ Slack    ┃ Paths    ┃ Hold TNS ┃ Count    ┃ reg       ┃ Slack    ┃ Reg Paths ┃ TNS      ┃ Count     ┃ reg      ┃ Violatio… ┃ Violati… ┃
┡━━━━━━━━━━━━━━━━━━━━━━╇━━━━━━━━━━╇━━━━━━━━━━╇━━━━━━━━━━╇━━━━━━━━━━╇━━━━━━━━━━━╇━━━━━━━━━━╇━━━━━━━━━━━╇━━━━━━━━━━╇━━━━━━━━━━━╇━━━━━━━━━━╇━━━━━━━━━━━╇━━━━━━━━━━┩
│ Overall              │ -0.7348  │ 0.0806   │ -5.6177  │ 269      │ 0         │ 18.3537  │ 18.3537   │ 0.0000   │ 0         │ 0        │ 89        │ 15644    │
│ nom_tt_025C_1v80     │ -0.4156  │ 0.2068   │ -0.9763  │ 4        │ 0         │ 48.2449  │ 48.2449   │ 0.0000   │ 0         │ 0        │ 66        │ 13201    │
│ nom_ss_100C_1v60     │ -0.7348  │ 0.5543   │ -1.5806  │ 4        │ 0         │ 18.3537  │ 18.3537   │ 0.0000   │ 0         │ 0        │ 89        │ 15644    │
│ nom_ff_n40C_1v95     │ -0.3048  │ 0.0806   │ -5.6177  │ 261      │ 0         │ 50.0170  │ 62.9285   │ 0.0000   │ 0         │ 0        │ 61        │ 11197    │
└──────────────────────┴──────────┴──────────┴──────────┴──────────┴───────────┴──────────┴───────────┴──────────┴───────────┴──────────┴───────────┴──────────┘
