
===========================================================================
 report_power
============================================================================
======================= nom_ff_n40C_1v95 Corner ===================================

Group                    Internal    Switching      Leakage        Total
                            Power        Power        Power        Power (Watts)
------------------------------------------------------------------------
Sequential           5.912040e-03 5.188625e-05 7.050642e-08 5.963997e-03  98.4%
Combinational        6.190982e-05 3.210260e-05 1.353799e-07 9.414780e-05   1.6%
Clock                0.000000e+00 0.000000e+00 0.000000e+00 0.000000e+00   0.0%
Macro                0.000000e+00 0.000000e+00 0.000000e+00 0.000000e+00   0.0%
Pad                  0.000000e+00 0.000000e+00 0.000000e+00 0.000000e+00   0.0%
------------------------------------------------------------------------
Total                5.973951e-03 8.398884e-05 2.058883e-07 6.058146e-03 100.0%
                            98.6%         1.4%         0.0%

