┏━━━━━━━━━━━━━━━━━━━━━━┳━━━━━━━━━━┳━━━━━━━━━━┳━━━━━━━━━━┳━━━━━━━━━━┳━━━━━━━━━━━┳━━━━━━━━━━┳━━━━━━━━━━━┳━━━━━━━━━━┳━━━━━━━━━━━┳━━━━━━━━━━┳━━━━━━━━━━━┳━━━━━━━━━━┓
┃                      ┃ Hold     ┃ Reg to   ┃          ┃          ┃ of which  ┃ Setup    ┃           ┃          ┃           ┃ of which ┃           ┃          ┃
┃                      ┃ Worst    ┃ Reg      ┃          ┃ Hold Vio ┃ reg to    ┃ Worst    ┃ Reg to    ┃ Setup    ┃ Setup Vio ┃ reg to   ┃ Max Cap   ┃ Max Slew ┃
┃ Corner/Group         ┃ Slack    ┃ Paths    ┃ Hold TNS ┃ Count    ┃ reg       ┃ Slack    ┃ Reg Paths ┃ TNS      ┃ Count     ┃ reg      ┃ Violatio… ┃ Violati… ┃
┡━━━━━━━━━━━━━━━━━━━━━━╇━━━━━━━━━━╇━━━━━━━━━━╇━━━━━━━━━━╇━━━━━━━━━━╇━━━━━━━━━━━╇━━━━━━━━━━╇━━━━━━━━━━━╇━━━━━━━━━━╇━━━━━━━━━━━╇━━━━━━━━━━╇━━━━━━━━━━━╇━━━━━━━━━━┩
│ Overall              │ 0.0510   │ 0.1583   │ 0.0000   │ 0        │ 0         │ -0.2694  │ -0.2694   │ -1.2252  │ 10        │ 10       │ 6         │ 5607     │
│ nom_tt_025C_1v80     │ 0.1367   │ 0.2852   │ 0.0000   │ 0        │ 0         │ 11.5394  │ 11.7944   │ 0.0000   │ 0         │ 0        │ 2         │ 1910     │
│ nom_ss_100C_1v60     │ 0.1752   │ 0.6177   │ 0.0000   │ 0        │ 0         │ -0.2694  │ -0.2694   │ -1.2252  │ 10        │ 10       │ 6         │ 5607     │
│ nom_ff_n40C_1v95     │ 0.0510   │ 0.1583   │ 0.0000   │ 0        │ 0         │ 11.9454  │ 16.5412   │ 0.0000   │ 0         │ 0        │ 2         │ 1006     │
└──────────────────────┴──────────┴──────────┴──────────┴──────────┴───────────┴──────────┴───────────┴──────────┴───────────┴──────────┴───────────┴──────────┘
