
===========================================================================
 report_power
============================================================================
======================= nom_ff_n40C_1v95 Corner ===================================

Group                    Internal    Switching      Leakage        Total
                            Power        Power        Power        Power (Watts)
------------------------------------------------------------------------
Sequential           5.960557e-03 5.973552e-04 6.427020e-08 6.557977e-03  42.7%
Combinational        4.022514e-03 4.794444e-03 1.360992e-07 8.817094e-03  57.3%
Clock                0.000000e+00 0.000000e+00 0.000000e+00 0.000000e+00   0.0%
Macro                0.000000e+00 0.000000e+00 0.000000e+00 0.000000e+00   0.0%
Pad                  0.000000e+00 0.000000e+00 0.000000e+00 0.000000e+00   0.0%
------------------------------------------------------------------------
Total                9.983077e-03 5.391790e-03 2.003713e-07 1.537507e-02 100.0%
                            64.9%        35.1%         0.0%

