Clock: clk
Sources: clk 
Generated: no
Virtual: yes
Propagated: no
Period: 25.000000

===========================================================================
report_clock_properties
============================================================================
Clock                   Period          Waveform
----------------------------------------------------
clk                  25.000000    0.000000 12.500000

===========================================================================
report_clock_latency
============================================================================
Clock clk
rise -> rise
    min     max
0.000000 0.000000 source latency
2.228426         network latency _48453_/CLK
        2.409026 network latency _47009_/CLK
---------------
2.228426 2.409026 latency
        0.180600 skew

fall -> fall
    min     max
0.000000 0.000000 source latency
2.073725         network latency _48453_/CLK
        2.219146 network latency _47009_/CLK
---------------
2.073725 2.219146 latency
        0.145421 skew



===========================================================================
report_clock_min_period
============================================================================
clk period_min = 29.54 fmax = 33.85
