
===========================================================================
report_checks -unconstrained
===========================================================================
======================= nom_ss_100C_1v60 Corner ===================================

Startpoint: rst_n (input port clocked by clk)
Endpoint: _45662_ (recovery check against rising-edge clock clk)
Path Group: asynchronous
Path Type: max

Fanout         Cap        Slew       Delay        Time   Description
---------------------------------------------------------------------------------------------
                      0.000000    0.000000    0.000000   clock clk (rise edge)
                                  0.000000    0.000000   clock network delay (ideal)
                                 12.500000   12.500000 ^ input external delay
     2    0.004765    0.000000    0.000000   12.500000 ^ rst_n (in)
                                                         rst_n (net)
                      0.000122    0.000065   12.500065 ^ hold1951/A (sky130_fd_sc_hd__dlygate4sd3_1)
     1    0.003264    0.099124    1.086802   13.586866 ^ hold1951/X (sky130_fd_sc_hd__dlygate4sd3_1)
                                                         net1951 (net)
                      0.099124    0.000090   13.586956 ^ input11/A (sky130_fd_sc_hd__buf_1)
     1    0.007185    0.150247    0.235764   13.822721 ^ input11/X (sky130_fd_sc_hd__buf_1)
                                                         net11 (net)
                      0.150247    0.000428   13.823149 ^ hold1952/A (sky130_fd_sc_hd__dlygate4sd3_1)
     2    0.011146    0.205471    1.260713   15.083861 ^ hold1952/X (sky130_fd_sc_hd__dlygate4sd3_1)
                                                         net1952 (net)
                      0.205471    0.000316   15.084178 ^ fanout1764/A (sky130_fd_sc_hd__clkdlybuf4s25_1)
     3    0.028501    0.464460    0.864832   15.949010 ^ fanout1764/X (sky130_fd_sc_hd__clkdlybuf4s25_1)
                                                         net1764 (net)
                      0.464460    0.000897   15.949906 ^ wire1766/A (sky130_fd_sc_hd__buf_4)
     5    0.035164    0.171216    0.481588   16.431496 ^ wire1766/X (sky130_fd_sc_hd__buf_4)
                                                         net1766 (net)
                      0.171287    0.003531   16.435026 ^ load_slew1765/A (sky130_fd_sc_hd__clkbuf_2)
     2    0.024141    0.212725    0.365647   16.800673 ^ load_slew1765/X (sky130_fd_sc_hd__clkbuf_2)
                                                         net1765 (net)
                      0.212734    0.001696   16.802370 ^ fanout1743/A (sky130_fd_sc_hd__clkdlybuf4s25_1)
     6    0.032290    0.523483    0.911586   17.713955 ^ fanout1743/X (sky130_fd_sc_hd__clkdlybuf4s25_1)
                                                         net1743 (net)
                      0.523483    0.000485   17.714439 ^ fanout1722/A (sky130_fd_sc_hd__clkdlybuf4s25_1)
     5    0.024065    0.396021    0.934742   18.649181 ^ fanout1722/X (sky130_fd_sc_hd__clkdlybuf4s25_1)
                                                         net1722 (net)
                      0.396024    0.001998   18.651180 ^ wire1723/A (sky130_fd_sc_hd__clkbuf_4)
     6    0.034281    0.181034    0.507352   19.158533 ^ wire1723/X (sky130_fd_sc_hd__clkbuf_4)
                                                         net1723 (net)
                      0.181103    0.003576   19.162109 ^ fanout1720/A (sky130_fd_sc_hd__clkdlybuf4s25_1)
     6    0.022591    0.373046    0.783455   19.945564 ^ fanout1720/X (sky130_fd_sc_hd__clkdlybuf4s25_1)
                                                         net1720 (net)
                      0.373046    0.000668   19.946232 ^ fanout1717/A (sky130_fd_sc_hd__clkdlybuf4s25_1)
     4    0.015025    0.256320    0.771498   20.717730 ^ fanout1717/X (sky130_fd_sc_hd__clkdlybuf4s25_1)
                                                         net1717 (net)
                      0.256320    0.000227   20.717958 ^ load_slew1719/A (sky130_fd_sc_hd__buf_4)
     8    0.032772    0.159582    0.385675   21.103634 ^ load_slew1719/X (sky130_fd_sc_hd__buf_4)
                                                         net1719 (net)
                      0.159583    0.000911   21.104544 ^ load_slew1718/A (sky130_fd_sc_hd__buf_2)
     6    0.025687    0.208636    0.363615   21.468159 ^ load_slew1718/X (sky130_fd_sc_hd__buf_2)
                                                         net1718 (net)
                      0.208637    0.000940   21.469099 ^ _45662_/RESET_B (sky130_fd_sc_hd__dfrtp_2)
                                             21.469099   data arrival time

                      0.000000   25.000000   25.000000   clock clk (rise edge)
                                  0.000000   25.000000   clock network delay (ideal)
                                 -0.120000   24.879999   clock uncertainty
                                  0.000000   24.879999   clock reconvergence pessimism
                                             24.879999 ^ _45662_/CLK (sky130_fd_sc_hd__dfrtp_2)
                                  0.361616   25.241613   library recovery time
                                             25.241613   data required time
---------------------------------------------------------------------------------------------
                                             25.241613   data required time
                                            -21.469099   data arrival time
---------------------------------------------------------------------------------------------
                                              3.772515   slack (MET)


Startpoint: _44725_ (rising edge-triggered flip-flop clocked by clk)
Endpoint: _45463_ (rising edge-triggered flip-flop clocked by clk)
Path Group: clk
Path Type: max

Fanout         Cap        Slew       Delay        Time   Description
---------------------------------------------------------------------------------------------
                      0.000000    0.000000    0.000000   clock clk (rise edge)
                                  0.000000    0.000000   clock network delay (ideal)
                      0.000000    0.000000    0.000000 ^ _44725_/CLK (sky130_fd_sc_hd__dfxtp_2)
     4    0.048946    0.220319    0.775027    0.775027 v _44725_/Q (sky130_fd_sc_hd__dfxtp_2)
                                                         tick_pulse_r (net)
                      0.220379    0.003839    0.778866 v fanout919/A (sky130_fd_sc_hd__clkdlybuf4s25_1)
     3    0.024679    0.342437    0.796818    1.575684 v fanout919/X (sky130_fd_sc_hd__clkdlybuf4s25_1)
                                                         net919 (net)
                      0.342437    0.000463    1.576147 v fanout912/A (sky130_fd_sc_hd__clkdlybuf4s25_1)
     5    0.020396    0.288300    0.798932    2.375078 v fanout912/X (sky130_fd_sc_hd__clkdlybuf4s25_1)
                                                         net912 (net)
                      0.288300    0.000715    2.375793 v wire913/A (sky130_fd_sc_hd__clkbuf_4)
     6    0.033989    0.138582    0.456120    2.831913 v wire913/X (sky130_fd_sc_hd__clkbuf_4)
                                                         net913 (net)
                      0.138593    0.001527    2.833440 v _34872_/A (sky130_fd_sc_hd__inv_2)
     9    0.054092    0.393397    0.378219    3.211659 ^ _34872_/Y (sky130_fd_sc_hd__inv_2)
                                                         _17279_ (net)
                      0.393405    0.001609    3.213268 ^ _34873_/A (sky130_fd_sc_hd__buf_4)
    10    0.107868    0.473168    0.676324    3.889592 ^ _34873_/X (sky130_fd_sc_hd__buf_4)
                                                         _17280_ (net)
                      0.475185    0.026958    3.916549 ^ _34874_/A (sky130_fd_sc_hd__buf_2)
     5    0.038786    0.307424    0.572487    4.489037 ^ _34874_/X (sky130_fd_sc_hd__buf_2)
                                                         _17281_ (net)
                      0.307424    0.000712    4.489748 ^ max_cap709/A (sky130_fd_sc_hd__clkbuf_8)
     6    0.068821    0.201890    0.459918    4.949667 ^ max_cap709/X (sky130_fd_sc_hd__clkbuf_8)
                                                         net709 (net)
                      0.201948    0.003087    4.952754 ^ _34875_/A (sky130_fd_sc_hd__clkbuf_2)
     4    0.032133    0.277452    0.429674    5.382428 ^ _34875_/X (sky130_fd_sc_hd__clkbuf_2)
                                                         _17282_ (net)
                      0.277452    0.000976    5.383403 ^ _34876_/A (sky130_fd_sc_hd__clkbuf_4)
     2    0.019304    0.118322    0.398021    5.781425 ^ _34876_/X (sky130_fd_sc_hd__clkbuf_4)
                                                         _17283_ (net)
                      0.118322    0.000420    5.781845 ^ max_cap526/A (sky130_fd_sc_hd__buf_12)
    11    0.108740    0.207620    0.312142    6.093987 ^ max_cap526/X (sky130_fd_sc_hd__buf_12)
                                                         net526 (net)
                      0.214338    0.031400    6.125387 ^ _34877_/A (sky130_fd_sc_hd__clkbuf_4)
     5    0.047842    0.239011    0.468686    6.594073 ^ _34877_/X (sky130_fd_sc_hd__clkbuf_4)
                                                         _17284_ (net)
                      0.239012    0.001344    6.595417 ^ max_cap508/A (sky130_fd_sc_hd__buf_12)
     6    0.090706    0.177291    0.346852    6.942269 ^ max_cap508/X (sky130_fd_sc_hd__buf_12)
                                                         net508 (net)
                      0.188396    0.036884    6.979153 ^ _34882_/A2 (sky130_fd_sc_hd__o21ai_2)
     1    0.003704    0.068422    0.147871    7.127024 v _34882_/Y (sky130_fd_sc_hd__o21ai_2)
                                                         _17289_ (net)
                      0.068422    0.000145    7.127169 v _34886_/B1 (sky130_fd_sc_hd__a2bb2o_2)
     4    0.042103    0.244440    0.741254    7.868423 v _34886_/X (sky130_fd_sc_hd__a2bb2o_2)
                                                         _17293_ (net)
                      0.244701    0.007703    7.876126 v _34911_/B_N (sky130_fd_sc_hd__nor2b_2)
     3    0.013144    0.107091    0.471930    8.348056 v _34911_/Y (sky130_fd_sc_hd__nor2b_2)
                                                         _17318_ (net)
                      0.107091    0.000449    8.348505 v _34924_/A (sky130_fd_sc_hd__clkbuf_2)
    10    0.054434    0.374166    0.480009    8.828514 v _34924_/X (sky130_fd_sc_hd__clkbuf_2)
                                                         _17331_ (net)
                      0.374189    0.002685    8.831199 v _34926_/A (sky130_fd_sc_hd__nand2_2)
     1    0.006449    0.122636    0.233175    9.064374 ^ _34926_/Y (sky130_fd_sc_hd__nand2_2)
                                                         _17333_ (net)
                      0.122636    0.000280    9.064654 ^ _34927_/A (sky130_fd_sc_hd__inv_2)
     2    0.005840    0.041529    0.090451    9.155106 v _34927_/Y (sky130_fd_sc_hd__inv_2)
                                                         _17334_ (net)
                      0.041529    0.000156    9.155262 v _34928_/A (sky130_fd_sc_hd__clkbuf_2)
    10    0.057999    0.396862    0.467424    9.622686 v _34928_/X (sky130_fd_sc_hd__clkbuf_2)
                                                         _17335_ (net)
                      0.396977    0.002496    9.625182 v _34929_/A (sky130_fd_sc_hd__clkbuf_2)
    10    0.061990    0.424664    0.652190   10.277372 v _34929_/X (sky130_fd_sc_hd__clkbuf_2)
                                                         _17336_ (net)
                      0.424836    0.008504   10.285876 v _34930_/A (sky130_fd_sc_hd__clkbuf_2)
    10    0.061661    0.421925    0.664715   10.950591 v _34930_/X (sky130_fd_sc_hd__clkbuf_2)
                                                         _17337_ (net)
                      0.421992    0.005563   10.956154 v _35016_/A (sky130_fd_sc_hd__clkbuf_2)
     5    0.033746    0.239919    0.518176   11.474329 v _35016_/X (sky130_fd_sc_hd__clkbuf_2)
                                                         _17423_ (net)
                      0.239919    0.000457   11.474787 v max_cap372/A (sky130_fd_sc_hd__buf_6)
     6    0.037977    0.080905    0.355718   11.830505 v max_cap372/X (sky130_fd_sc_hd__buf_6)
                                                         net372 (net)
                      0.080932    0.001557   11.832062 v _35062_/A (sky130_fd_sc_hd__clkbuf_2)
     4    0.032439    0.229177    0.355675   12.187737 v _35062_/X (sky130_fd_sc_hd__clkbuf_2)
                                                         _17469_ (net)
                      0.229177    0.000549   12.188286 v max_cap350/A (sky130_fd_sc_hd__buf_6)
     7    0.057102    0.108148    0.368517   12.556802 v max_cap350/X (sky130_fd_sc_hd__buf_6)
                                                         net350 (net)
                      0.110311    0.012835   12.569637 v _35102_/A (sky130_fd_sc_hd__clkbuf_2)
     7    0.037341    0.261380    0.395882   12.965519 v _35102_/X (sky130_fd_sc_hd__clkbuf_2)
                                                         _17509_ (net)
                      0.261380    0.000622   12.966141 v max_cap332/A (sky130_fd_sc_hd__buf_6)
     4    0.033149    0.075179    0.360080   13.326221 v max_cap332/X (sky130_fd_sc_hd__buf_6)
                                                         net332 (net)
                      0.075239    0.001731   13.327951 v _35318_/A1 (sky130_fd_sc_hd__a22o_2)
     1    0.004466    0.074323    0.464494   13.792446 v _35318_/X (sky130_fd_sc_hd__a22o_2)
                                                         _17725_ (net)
                      0.074323    0.000187   13.792633 v _35319_/C1 (sky130_fd_sc_hd__a221o_2)
     1    0.002262    0.084498    0.593811   14.386444 v _35319_/X (sky130_fd_sc_hd__a221o_2)
                                                         _17726_ (net)
                      0.084498    0.000072   14.386517 v _35325_/B (sky130_fd_sc_hd__or4_2)
     1    0.005707    0.244539    1.678866   16.065382 v _35325_/X (sky130_fd_sc_hd__or4_2)
                                                         _17732_ (net)
                      0.244539    0.000233   16.065615 v _35326_/B1 (sky130_fd_sc_hd__o21a_2)
     4    0.036168    0.198517    0.459218   16.524834 v _35326_/X (sky130_fd_sc_hd__o21a_2)
                                                         _17733_ (net)
                      0.198530    0.001911   16.526745 v _35456_/A (sky130_fd_sc_hd__or2_2)
     3    0.013038    0.163396    0.851614   17.378359 v _35456_/X (sky130_fd_sc_hd__or2_2)
                                                         _17863_ (net)
                      0.163396    0.000243   17.378603 v _35457_/B (sky130_fd_sc_hd__nor2_2)
     2    0.009847    0.213100    0.262153   17.640755 ^ _35457_/Y (sky130_fd_sc_hd__nor2_2)
                                                         _17864_ (net)
                      0.213100    0.000187   17.640942 ^ _35480_/A (sky130_fd_sc_hd__nand2_2)
     3    0.014649    0.146113    0.221585   17.862526 v _35480_/Y (sky130_fd_sc_hd__nand2_2)
                                                         _17887_ (net)
                      0.146116    0.000934   17.863461 v _35481_/B (sky130_fd_sc_hd__or2_2)
     3    0.011785    0.156629    0.773284   18.636744 v _35481_/X (sky130_fd_sc_hd__or2_2)
                                                         _17888_ (net)
                      0.156629    0.000522   18.637266 v _35519_/A2 (sky130_fd_sc_hd__o21ai_2)
     1    0.005789    0.183944    0.259957   18.897224 ^ _35519_/Y (sky130_fd_sc_hd__o21ai_2)
                                                         _17926_ (net)
                      0.183944    0.000169   18.897392 ^ _35520_/B (sky130_fd_sc_hd__nor2_2)
     3    0.018077    0.097450    0.167098   19.064491 v _35520_/Y (sky130_fd_sc_hd__nor2_2)
                                                         _17927_ (net)
                      0.097450    0.000373   19.064863 v max_cap97/A (sky130_fd_sc_hd__clkbuf_2)
     2    0.015492    0.120793    0.275493   19.340357 v max_cap97/X (sky130_fd_sc_hd__clkbuf_2)
                                                         net97 (net)
                      0.120803    0.001245   19.341602 v _25916_/A (sky130_fd_sc_hd__inv_2)
     2    0.006636    0.067006    0.115849   19.457451 ^ _25916_/Y (sky130_fd_sc_hd__inv_2)
                                                         _10480_ (net)
                      0.067006    0.000123   19.457573 ^ _25917_/A (sky130_fd_sc_hd__clkbuf_2)
    10    0.054896    0.462415    0.500121   19.957695 ^ _25917_/X (sky130_fd_sc_hd__clkbuf_2)
                                                         _10481_ (net)
                      0.462473    0.004622   19.962317 ^ _25918_/A (sky130_fd_sc_hd__clkbuf_2)
    10    0.056325    0.473564    0.684159   20.646475 ^ _25918_/X (sky130_fd_sc_hd__clkbuf_2)
                                                         _10482_ (net)
                      0.473583    0.003746   20.650221 ^ _25926_/A (sky130_fd_sc_hd__clkbuf_2)
    10    0.064736    0.541452    0.738117   21.388338 ^ _25926_/X (sky130_fd_sc_hd__clkbuf_2)
                                                         _10490_ (net)
                      0.541709    0.006271   21.394609 ^ _25950_/A (sky130_fd_sc_hd__clkbuf_2)
    10    0.050353    0.425954    0.678742   22.073351 ^ _25950_/X (sky130_fd_sc_hd__clkbuf_2)
                                                         _10512_ (net)
                      0.425954    0.001304   22.074656 ^ _26748_/A (sky130_fd_sc_hd__nand2_2)
     1    0.005303    0.120492    0.216206   22.290861 v _26748_/Y (sky130_fd_sc_hd__nand2_2)
                                                         _11262_ (net)
                      0.120492    0.000201   22.291061 v _26749_/B1 (sky130_fd_sc_hd__o21ai_2)
     1    0.005814    0.200005    0.129047   22.420109 ^ _26749_/Y (sky130_fd_sc_hd__o21ai_2)
                                                         _11263_ (net)
                      0.200005    0.000229   22.420338 ^ _26755_/A1 (sky130_fd_sc_hd__a21oi_2)
     1    0.004032    0.080993    0.163222   22.583561 v _26755_/Y (sky130_fd_sc_hd__a21oi_2)
                                                         _11269_ (net)
                      0.080993    0.000156   22.583717 v _26756_/B2 (sky130_fd_sc_hd__o22a_2)
     1    0.003599    0.074148    0.381190   22.964907 v _26756_/X (sky130_fd_sc_hd__o22a_2)
                                                         _00072_ (net)
                      0.074148    0.000133   22.965040 v _45463_/D (sky130_fd_sc_hd__dfrtp_2)
                                             22.965040   data arrival time

                      0.000000   25.000000   25.000000   clock clk (rise edge)
                                  0.000000   25.000000   clock network delay (ideal)
                                 -0.120000   24.879999   clock uncertainty
                                  0.000000   24.879999   clock reconvergence pessimism
                                             24.879999 ^ _45463_/CLK (sky130_fd_sc_hd__dfrtp_2)
                                 -0.296998   24.583002   library setup time
                                             24.583002   data required time
---------------------------------------------------------------------------------------------
                                             24.583002   data required time
                                            -22.965040   data arrival time
---------------------------------------------------------------------------------------------
                                              1.617961   slack (MET)




===========================================================================
report_checks --slack_max -0.01
============================================================================
======================= nom_ss_100C_1v60 Corner ===================================

No paths found.


===========================================================================
 report_check_types -max_slew -max_cap -max_fanout -violators
============================================================================
======================= nom_ss_100C_1v60 Corner ===================================

max slew

Pin                                        Limit        Slew       Slack
------------------------------------------------------------------------
fanout1423/A                            0.750000    1.038318   -0.288318 (VIOLATED)
fanout1426/A                            0.750000    1.038317   -0.288317 (VIOLATED)
fanout1418/A                            0.750000    1.038311   -0.288311 (VIOLATED)
fanout1421/A                            0.750000    1.038311   -0.288311 (VIOLATED)
fanout1436/A                            0.750000    1.038307   -0.288307 (VIOLATED)
fanout1411/A                            0.750000    1.038300   -0.288300 (VIOLATED)
fanout1416/A                            0.750000    1.038301   -0.288301 (VIOLATED)
fanout1408/A                            0.750000    1.038298   -0.288298 (VIOLATED)
fanout1413/A                            0.750000    1.038297   -0.288297 (VIOLATED)
fanout1406/A                            0.750000    1.038290   -0.288290 (VIOLATED)
fanout1403/A                            0.750000    1.038285   -0.288285 (VIOLATED)
fanout1401/A                            0.750000    1.038283   -0.288284 (VIOLATED)
fanout1438/X                            0.750000    1.038283   -0.288284 (VIOLATED)
fanout1572/A                            0.750000    0.935059   -0.185059 (VIOLATED)
fanout1569/A                            0.750000    0.935055   -0.185055 (VIOLATED)
fanout1568/A                            0.750000    0.935053   -0.185053 (VIOLATED)
fanout1565/A                            0.750000    0.935046   -0.185046 (VIOLATED)
fanout1562/A                            0.750000    0.935022   -0.185022 (VIOLATED)
fanout1555/A                            0.750000    0.935012   -0.185012 (VIOLATED)
fanout1532/A                            0.750000    0.934964   -0.184964 (VIOLATED)
fanout1516/A                            0.750000    0.934953   -0.184953 (VIOLATED)
fanout1574/X                            0.750000    0.934953   -0.184953 (VIOLATED)
hold1946/A                              0.750000    0.920161   -0.170161 (VIOLATED)
ANTENNA_hold1946_A/DIODE                0.750000    0.920154   -0.170154 (VIOLATED)
hold1953/A                              0.750000    0.920146   -0.170146 (VIOLATED)
input7/A                                0.750000    0.920144   -0.170144 (VIOLATED)
input3/A                                0.750000    0.920137   -0.170137 (VIOLATED)
input4/A                                0.750000    0.920135   -0.170135 (VIOLATED)
hold1964/A                              0.750000    0.920133   -0.170133 (VIOLATED)
hold1967/A                              0.750000    0.920133   -0.170133 (VIOLATED)
ANTENNA_input7_A/DIODE                  0.750000    0.920129   -0.170129 (VIOLATED)
ANTENNA_hold1964_A/DIODE                0.750000    0.920125   -0.170125 (VIOLATED)
ANTENNA_hold1967_A/DIODE                0.750000    0.920125   -0.170125 (VIOLATED)
input2/A                                0.750000    0.920120   -0.170120 (VIOLATED)
ANTENNA_hold1953_A/DIODE                0.750000    0.920119   -0.170119 (VIOLATED)
ANTENNA_input3_A/DIODE                  0.750000    0.920115   -0.170115 (VIOLATED)
ANTENNA_input4_A/DIODE                  0.750000    0.920107   -0.170107 (VIOLATED)
ANTENNA_input2_A/DIODE                  0.750000    0.920093   -0.170093 (VIOLATED)
ext_irq[0]                              0.750000    0.920000   -0.170000 (VIOLATED)
ext_irq[1]                              0.750000    0.920000   -0.170000 (VIOLATED)
ext_irq[2]                              0.750000    0.920000   -0.170000 (VIOLATED)
ext_irq[3]                              0.750000    0.920000   -0.170000 (VIOLATED)
ext_irq[4]                              0.750000    0.920000   -0.170000 (VIOLATED)
ext_irq[5]                              0.750000    0.920000   -0.170000 (VIOLATED)
ext_irq[6]                              0.750000    0.920000   -0.170000 (VIOLATED)
ext_irq[7]                              0.750000    0.920000   -0.170000 (VIOLATED)
ANTENNA_hold1956_A/DIODE                0.750000    0.840116   -0.090116 (VIOLATED)
hold1956/A                              0.750000    0.840111   -0.090111 (VIOLATED)
mosi                                    0.750000    0.840000   -0.090000 (VIOLATED)



===========================================================================
report_parasitic_annotation -report_unannotated
============================================================================
Found 279 unannotated drivers.
 clkload0/Y
 clkload1/X
 clkload10/Y
 clkload100/Y
 clkload101/X
 clkload102/X
 clkload103/X
 clkload104/X
 clkload105/Y
 clkload106/Y
 clkload107/Y
 clkload108/X
 clkload109/X
 clkload11/Y
 clkload110/X
 clkload111/Y
 clkload112/Y
 clkload113/X
 clkload114/X
 clkload115/Y
 clkload116/Y
 clkload117/Y
 clkload118/X
 clkload119/X
 clkload12/Y
 clkload120/X
 clkload121/X
 clkload122/Y
 clkload123/Y
 clkload124/X
 clkload125/X
 clkload126/X
 clkload127/Y
 clkload128/X
 clkload129/X
 clkload13/X
 clkload130/X
 clkload131/Y
 clkload132/X
 clkload133/Y
 clkload134/X
 clkload135/X
 clkload136/X
 clkload137/X
 clkload138/Y
 clkload139/Y
 clkload14/Y
 clkload140/Y
 clkload141/Y
 clkload142/X
 clkload143/X
 clkload144/Y
 clkload145/Y
 clkload146/Y
 clkload147/Y
 clkload148/X
 clkload149/X
 clkload15/Y
 clkload150/X
 clkload151/X
 clkload152/X
 clkload153/Y
 clkload154/Y
 clkload155/Y
 clkload156/X
 clkload157/Y
 clkload158/X
 clkload159/X
 clkload16/Y
 clkload160/X
 clkload161/Y
 clkload162/X
 clkload163/X
 clkload164/X
 clkload165/Y
 clkload166/Y
 clkload167/Y
 clkload168/Y
 clkload169/X
 clkload17/Y
 clkload170/Y
 clkload171/Y
 clkload172/Y
 clkload173/X
 clkload174/Y
 clkload175/Y
 clkload176/Y
 clkload177/X
 clkload178/Y
 clkload179/Y
 clkload18/Y
 clkload180/Y
 clkload181/X
 clkload182/X
 clkload183/X
 clkload184/X
 clkload185/X
 clkload186/X
 clkload187/X
 clkload188/X
 clkload189/X
 clkload19/Y
 clkload190/X
 clkload191/X
 clkload192/X
 clkload193/X
 clkload194/X
 clkload195/X
 clkload196/X
 clkload197/X
 clkload198/X
 clkload199/X
 clkload2/Y
 clkload20/Y
 clkload200/X
 clkload201/X
 clkload202/X
 clkload203/X
 clkload204/X
 clkload205/Y
 clkload206/X
 clkload207/X
 clkload208/X
 clkload209/X
 clkload21/Y
 clkload210/X
 clkload211/Y
 clkload212/Y
 clkload213/Y
 clkload214/X
 clkload215/X
 clkload216/X
 clkload217/X
 clkload218/X
 clkload219/X
 clkload22/Y
 clkload220/X
 clkload221/X
 clkload222/Y
 clkload223/Y
 clkload224/Y
 clkload225/Y
 clkload226/X
 clkload227/Y
 clkload228/Y
 clkload229/X
 clkload23/Y
 clkload230/X
 clkload231/X
 clkload232/Y
 clkload233/Y
 clkload234/X
 clkload235/Y
 clkload236/X
 clkload237/X
 clkload238/Y
 clkload239/Y
 clkload24/X
 clkload240/X
 clkload241/Y
 clkload242/X
 clkload243/X
 clkload244/Y
 clkload245/X
 clkload246/X
 clkload247/X
 clkload248/X
 clkload249/X
 clkload25/X
 clkload250/Y
 clkload251/X
 clkload252/X
 clkload253/Y
 clkload254/Y
 clkload255/X
 clkload256/X
 clkload257/X
 clkload258/X
 clkload259/X
 clkload26/X
 clkload260/X
 clkload261/X
 clkload262/Y
 clkload263/Y
 clkload264/X
 clkload265/X
 clkload266/X
 clkload267/X
 clkload268/X
 clkload269/X
 clkload27/X
 clkload270/X
 clkload271/X
 clkload272/Y
 clkload273/Y
 clkload274/Y
 clkload275/X
 clkload276/X
 clkload277/X
 clkload278/Y
 clkload28/X
 clkload29/X
 clkload3/Y
 clkload30/X
 clkload31/X
 clkload32/X
 clkload33/X
 clkload34/X
 clkload35/X
 clkload36/Y
 clkload37/X
 clkload38/X
 clkload39/X
 clkload4/Y
 clkload40/X
 clkload41/X
 clkload42/X
 clkload43/X
 clkload44/X
 clkload45/X
 clkload46/Y
 clkload47/X
 clkload48/X
 clkload49/X
 clkload5/Y
 clkload50/X
 clkload51/Y
 clkload52/X
 clkload53/X
 clkload54/X
 clkload55/X
 clkload56/X
 clkload57/X
 clkload58/X
 clkload59/X
 clkload6/Y
 clkload60/X
 clkload61/X
 clkload62/X
 clkload63/X
 clkload64/X
 clkload65/X
 clkload66/X
 clkload67/X
 clkload68/Y
 clkload69/Y
 clkload7/Y
 clkload70/Y
 clkload71/X
 clkload72/X
 clkload73/X
 clkload74/X
 clkload75/X
 clkload76/X
 clkload77/X
 clkload78/X
 clkload79/X
 clkload8/Y
 clkload80/X
 clkload81/X
 clkload82/X
 clkload83/X
 clkload84/X
 clkload85/X
 clkload86/X
 clkload87/X
 clkload88/X
 clkload89/X
 clkload9/Y
 clkload90/X
 clkload91/X
 clkload92/X
 clkload93/X
 clkload94/X
 clkload95/X
 clkload96/X
 clkload97/X
 clkload98/X
 clkload99/Y
Found 0 partially unannotated drivers.

===========================================================================
max slew violation count 49
Writing metric design__max_slew_violation__count__corner:nom_ss_100C_1v60: 49
max fanout violation count 0
Writing metric design__max_fanout_violation__count__corner:nom_ss_100C_1v60: 0
max cap violation count 0
Writing metric design__max_cap_violation__count__corner:nom_ss_100C_1v60: 0
============================================================================

===========================================================================
check_setup -verbose -unconstrained_endpoints -multiple_clock -no_clock -no_input_delay -loops -generated_clocks
===========================================================================
