
===========================================================================
 report_power
============================================================================
======================= nom_ff_n40C_1v95 Corner ===================================

Group                    Internal    Switching      Leakage        Total
                            Power        Power        Power        Power (Watts)
------------------------------------------------------------------------
Sequential           5.502917e-03 1.050286e-04 6.504091e-08 5.608011e-03  97.7%
Combinational        8.153500e-05 5.188132e-05 1.278942e-07 1.335442e-04   2.3%
Clock                0.000000e+00 0.000000e+00 0.000000e+00 0.000000e+00   0.0%
Macro                0.000000e+00 0.000000e+00 0.000000e+00 0.000000e+00   0.0%
Pad                  0.000000e+00 0.000000e+00 0.000000e+00 0.000000e+00   0.0%
------------------------------------------------------------------------
Total                5.584454e-03 1.569099e-04 1.929374e-07 5.741557e-03 100.0%
                            97.3%         2.7%         0.0%

