
===========================================================================
 report_power
============================================================================
======================= nom_ff_n40C_1v95 Corner ===================================

Group                    Internal    Switching      Leakage        Total
                            Power        Power        Power        Power (Watts)
------------------------------------------------------------------------
Sequential           5.916143e-03 8.551622e-05 7.043973e-08 6.001730e-03  98.1%
Combinational        6.779499e-05 4.683346e-05 1.356115e-07 1.147641e-04   1.9%
Clock                0.000000e+00 0.000000e+00 0.000000e+00 0.000000e+00   0.0%
Macro                0.000000e+00 0.000000e+00 0.000000e+00 0.000000e+00   0.0%
Pad                  0.000000e+00 0.000000e+00 0.000000e+00 0.000000e+00   0.0%
------------------------------------------------------------------------
Total                5.983940e-03 1.323497e-04 2.060533e-07 6.116495e-03 100.0%
                            97.8%         2.2%         0.0%

