                                                                     Buffers by Cell Master                                                                     
┏━━━━━━━━━━━━━━━━━━━━━━━━━━━━━━━━━━━━━━━━━━━━━━━━━━━━━━━━━━━━━━━━━━━━━━━━━━━━━━━━━━━━━━━━━━━━━━━━━━━━━━━━━━━━━━━━━━━━━━━━━━━━━━━━━━━┳━━━━━━━━━━━━━━━━━━━━━━━━━━┓
┃ Buffer                                                                                                                            ┃ Count                    ┃
┡━━━━━━━━━━━━━━━━━━━━━━━━━━━━━━━━━━━━━━━━━━━━━━━━━━━━━━━━━━━━━━━━━━━━━━━━━━━━━━━━━━━━━━━━━━━━━━━━━━━━━━━━━━━━━━━━━━━━━━━━━━━━━━━━━━━╇━━━━━━━━━━━━━━━━━━━━━━━━━━┩
│ sky130_fd_sc_hd__buf_1                                                                                                            │ 1891                     │
│ sky130_fd_sc_hd__buf_12                                                                                                           │ 91                       │
│ sky130_fd_sc_hd__buf_2                                                                                                            │ 555                      │
│ sky130_fd_sc_hd__buf_4                                                                                                            │ 318                      │
│ sky130_fd_sc_hd__buf_6                                                                                                            │ 418                      │
│ sky130_fd_sc_hd__buf_8                                                                                                            │ 31                       │
│ sky130_fd_sc_hd__clkbuf_1                                                                                                         │ 190                      │
│ sky130_fd_sc_hd__clkbuf_16                                                                                                        │ 33                       │
│ sky130_fd_sc_hd__clkbuf_2                                                                                                         │ 812                      │
│ sky130_fd_sc_hd__clkbuf_4                                                                                                         │ 529                      │
│ sky130_fd_sc_hd__clkbuf_8                                                                                                         │ 490                      │
│ sky130_fd_sc_hd__clkdlybuf4s25_1                                                                                                  │ 234                      │
│ sky130_fd_sc_hd__dlygate4sd3_1                                                                                                    │ 9                        │
└───────────────────────────────────────────────────────────────────────────────────────────────────────────────────────────────────┴──────────────────────────┘
