
===========================================================================
 report_power
============================================================================
======================= nom_ff_n40C_1v95 Corner ===================================

Group                    Internal    Switching      Leakage        Total
                            Power        Power        Power        Power (Watts)
------------------------------------------------------------------------
Sequential           5.503547e-03 1.091340e-04 6.504042e-08 5.612747e-03  97.3%
Combinational        9.421922e-05 6.230539e-05 1.265999e-07 1.566512e-04   2.7%
Clock                0.000000e+00 0.000000e+00 0.000000e+00 0.000000e+00   0.0%
Macro                0.000000e+00 0.000000e+00 0.000000e+00 0.000000e+00   0.0%
Pad                  0.000000e+00 0.000000e+00 0.000000e+00 0.000000e+00   0.0%
------------------------------------------------------------------------
Total                5.597770e-03 1.714394e-04 1.916426e-07 5.769401e-03 100.0%
                            97.0%         3.0%         0.0%

