
===========================================================================
 report_power
============================================================================
======================= nom_ff_n40C_1v95 Corner ===================================

Group                    Internal    Switching      Leakage        Total
                            Power        Power        Power        Power (Watts)
------------------------------------------------------------------------
Sequential           1.374734e-03 3.479010e-06 6.501993e-08 1.378278e-03  99.6%
Combinational        3.653116e-06 1.815768e-06 1.222079e-07 5.591091e-06   0.4%
Clock                0.000000e+00 0.000000e+00 0.000000e+00 0.000000e+00   0.0%
Macro                0.000000e+00 0.000000e+00 0.000000e+00 0.000000e+00   0.0%
Pad                  0.000000e+00 0.000000e+00 0.000000e+00 0.000000e+00   0.0%
------------------------------------------------------------------------
Total                1.378387e-03 5.294778e-06 1.872277e-07 1.383869e-03 100.0%
                            99.6%         0.4%         0.0%

