
===========================================================================
 report_power
============================================================================
======================= nom_ff_n40C_1v95 Corner ===================================

Group                    Internal    Switching      Leakage        Total
                            Power        Power        Power        Power (Watts)
------------------------------------------------------------------------
Sequential           5.914798e-03 8.208546e-05 7.045546e-08 5.996954e-03  98.1%
Combinational        6.679840e-05 4.787216e-05 1.333961e-07 1.148040e-04   1.9%
Clock                0.000000e+00 0.000000e+00 0.000000e+00 0.000000e+00   0.0%
Macro                0.000000e+00 0.000000e+00 0.000000e+00 0.000000e+00   0.0%
Pad                  0.000000e+00 0.000000e+00 0.000000e+00 0.000000e+00   0.0%
------------------------------------------------------------------------
Total                5.981598e-03 1.299576e-04 2.038536e-07 6.111760e-03 100.0%
                            97.9%         2.1%         0.0%

