
===========================================================================
 report_power
============================================================================
======================= nom_tt_025C_1v80 Corner ===================================

Group                    Internal    Switching      Leakage        Total
                            Power        Power        Power        Power (Watts)
------------------------------------------------------------------------
Sequential           5.093836e-03 6.939509e-05 3.764081e-08 5.163269e-03  98.1%
Combinational        5.953865e-05 4.022137e-05 4.994514e-08 9.980996e-05   1.9%
Clock                0.000000e+00 0.000000e+00 0.000000e+00 0.000000e+00   0.0%
Macro                0.000000e+00 0.000000e+00 0.000000e+00 0.000000e+00   0.0%
Pad                  0.000000e+00 0.000000e+00 0.000000e+00 0.000000e+00   0.0%
------------------------------------------------------------------------
Total                5.153371e-03 1.096165e-04 8.757807e-08 5.263076e-03 100.0%
                            97.9%         2.1%         0.0%

