
===========================================================================
 report_power
============================================================================
======================= nom_tt_025C_1v80 Corner ===================================

Group                    Internal    Switching      Leakage        Total
                            Power        Power        Power        Power (Watts)
------------------------------------------------------------------------
Sequential           5.091559e-03 4.101403e-05 3.764479e-08 5.132611e-03  99.0%
Combinational        3.690849e-05 1.627719e-05 4.281130e-08 5.322849e-05   1.0%
Clock                0.000000e+00 0.000000e+00 0.000000e+00 0.000000e+00   0.0%
Macro                0.000000e+00 0.000000e+00 0.000000e+00 0.000000e+00   0.0%
Pad                  0.000000e+00 0.000000e+00 0.000000e+00 0.000000e+00   0.0%
------------------------------------------------------------------------
Total                5.128466e-03 5.729121e-05 8.045027e-08 5.185837e-03 100.0%
                            98.9%         1.1%         0.0%

