
===========================================================================
 report_power
============================================================================
======================= nom_tt_025C_1v80 Corner ===================================

Group                    Internal    Switching      Leakage        Total
                            Power        Power        Power        Power (Watts)
------------------------------------------------------------------------
Sequential           4.760067e-03 7.696542e-05 3.457349e-08 4.837066e-03  90.2%
Combinational        3.589479e-04 1.639411e-04 4.156301e-08 5.229306e-04   9.8%
Clock                0.000000e+00 0.000000e+00 0.000000e+00 0.000000e+00   0.0%
Macro                0.000000e+00 0.000000e+00 0.000000e+00 0.000000e+00   0.0%
Pad                  0.000000e+00 0.000000e+00 0.000000e+00 0.000000e+00   0.0%
------------------------------------------------------------------------
Total                5.119004e-03 2.409067e-04 7.613486e-08 5.359986e-03 100.0%
                            95.5%         4.5%         0.0%

