
===========================================================================
 report_power
============================================================================
======================= nom_tt_025C_1v80 Corner ===================================

Group                    Internal    Switching      Leakage        Total
                            Power        Power        Power        Power (Watts)
------------------------------------------------------------------------
Sequential           1.184006e-03 2.826331e-06 3.387181e-08 1.186866e-03  99.6%
Combinational        3.226522e-06 1.414617e-06 5.151976e-08 4.692658e-06   0.4%
Clock                0.000000e+00 0.000000e+00 0.000000e+00 0.000000e+00   0.0%
Macro                0.000000e+00 0.000000e+00 0.000000e+00 0.000000e+00   0.0%
Pad                  0.000000e+00 0.000000e+00 0.000000e+00 0.000000e+00   0.0%
------------------------------------------------------------------------
Total                1.187233e-03 4.240945e-06 8.538765e-08 1.191559e-03 100.0%
                            99.6%         0.4%         0.0%

