
===========================================================================
 report_power
============================================================================
======================= nom_tt_025C_1v80 Corner ===================================

Group                    Internal    Switching      Leakage        Total
                            Power        Power        Power        Power (Watts)
------------------------------------------------------------------------
Sequential           5.113616e-03 5.035097e-04 3.437203e-08 5.617160e-03  42.2%
Combinational        3.669329e-03 4.037073e-03 5.366316e-08 7.706455e-03  57.8%
Clock                0.000000e+00 0.000000e+00 0.000000e+00 0.000000e+00   0.0%
Macro                0.000000e+00 0.000000e+00 0.000000e+00 0.000000e+00   0.0%
Pad                  0.000000e+00 0.000000e+00 0.000000e+00 0.000000e+00   0.0%
------------------------------------------------------------------------
Total                8.782827e-03 4.540578e-03 8.803044e-08 1.332349e-02 100.0%
                            65.9%        34.1%         0.0%

