
===========================================================================
 report_power
============================================================================
======================= max_ss_100C_1v60 Corner ===================================

Group                    Internal    Switching      Leakage        Total
                            Power        Power        Power        Power (Watts)
------------------------------------------------------------------------
Sequential           4.059652e-03 1.300497e-04 5.809508e-05 4.247797e-03  89.5%
Combinational        1.155464e-04 2.770995e-04 1.040056e-04 4.966516e-04  10.5%
Clock                0.000000e+00 0.000000e+00 1.765233e-09 1.765233e-09   0.0%
Macro                0.000000e+00 0.000000e+00 0.000000e+00 0.000000e+00   0.0%
Pad                  0.000000e+00 0.000000e+00 0.000000e+00 0.000000e+00   0.0%
------------------------------------------------------------------------
Total                4.175182e-03 4.071492e-04 1.621051e-04 4.744436e-03 100.0%
                            88.0%         8.6%         3.4%
Writing metric power__internal__total: 0.004175181500613689
Writing metric power__switching__total: 0.00040714922943152487
Writing metric power__leakage__total: 0.0001621051342226565
Writing metric power__total: 0.004744435660541058

