
===========================================================================
 report_power
============================================================================
======================= nom_ff_n40C_1v95 Corner ===================================

Group                    Internal    Switching      Leakage        Total
                            Power        Power        Power        Power (Watts)
------------------------------------------------------------------------
Sequential           1.374300e-03 2.024727e-06 6.501201e-08 1.376389e-03  99.6%
Combinational        3.320029e-06 1.721449e-06 1.081037e-07 5.149582e-06   0.4%
Clock                0.000000e+00 0.000000e+00 0.000000e+00 0.000000e+00   0.0%
Macro                0.000000e+00 0.000000e+00 0.000000e+00 0.000000e+00   0.0%
Pad                  0.000000e+00 0.000000e+00 0.000000e+00 0.000000e+00   0.0%
------------------------------------------------------------------------
Total                1.377619e-03 3.746176e-06 1.731155e-07 1.381539e-03 100.0%
                            99.7%         0.3%         0.0%

