
===========================================================================
 report_power
============================================================================
======================= max_tt_025C_1v80 Corner ===================================

Group                    Internal    Switching      Leakage        Total
                            Power        Power        Power        Power (Watts)
------------------------------------------------------------------------
Sequential           4.994895e-03 6.809476e-05 3.763661e-08 5.063027e-03  45.5%
Combinational        3.437263e-04 1.087700e-03 8.417339e-08 1.431511e-03  12.9%
Clock                2.252644e-03 2.386838e-03 2.672962e-07 4.639750e-03  41.7%
Macro                0.000000e+00 0.000000e+00 0.000000e+00 0.000000e+00   0.0%
Pad                  0.000000e+00 0.000000e+00 0.000000e+00 0.000000e+00   0.0%
------------------------------------------------------------------------
Total                7.591274e-03 3.542632e-03 3.891708e-07 1.113429e-02 100.0%
                            68.2%        31.8%         0.0%

