
===========================================================================
 report_power
============================================================================
======================= nom_tt_025C_1v80 Corner ===================================

Group                    Internal    Switching      Leakage        Total
                            Power        Power        Power        Power (Watts)
------------------------------------------------------------------------
Sequential           1.183882e-03 1.789590e-06 3.388400e-08 1.185706e-03  99.3%
Combinational        5.462137e-06 2.452025e-06 7.008892e-08 7.984252e-06   0.7%
Clock                0.000000e+00 0.000000e+00 0.000000e+00 0.000000e+00   0.0%
Macro                0.000000e+00 0.000000e+00 0.000000e+00 0.000000e+00   0.0%
Pad                  0.000000e+00 0.000000e+00 0.000000e+00 0.000000e+00   0.0%
------------------------------------------------------------------------
Total                1.189344e-03 4.241613e-06 1.039690e-07 1.193690e-03 100.0%
                            99.6%         0.4%         0.0%

