
===========================================================================
 report_power
============================================================================
======================= nom_tt_025C_1v80 Corner ===================================

Group                    Internal    Switching      Leakage        Total
                            Power        Power        Power        Power (Watts)
------------------------------------------------------------------------
Sequential           5.093644e-03 6.378358e-05 3.763355e-08 5.157466e-03  95.4%
Combinational        1.093185e-04 1.416259e-04 7.281581e-08 2.510172e-04   4.6%
Clock                0.000000e+00 0.000000e+00 0.000000e+00 0.000000e+00   0.0%
Macro                0.000000e+00 0.000000e+00 0.000000e+00 0.000000e+00   0.0%
Pad                  0.000000e+00 0.000000e+00 0.000000e+00 0.000000e+00   0.0%
------------------------------------------------------------------------
Total                5.202957e-03 2.054095e-04 1.104390e-07 5.408478e-03 100.0%
                            96.2%         3.8%         0.0%

