 time 1ns
 capacitance 1pF
 resistance 1kohm
 voltage 1v
 current 1mA
 power 1nW
 distance 1um
== Resizer RC Values (After Set RC) ==
=== Corner nom_ss_100C_1v60 ===
==== Estimation RC Values ====
Name                Direction           Res/Unit Distance   Cap/Unit Distance   
Signal              Avg                 4.402703e-04        8.148294e-05        
Clock               Avg                 4.402703e-04        8.148294e-05        
==== Rt. Layer RC Values ====
Name                Direction           Res/Unit Distance   Cap/Unit Distance   
li1                 VERTICAL            0.000000e+00        0.000000e+00        
met1                HORIZONTAL          0.000000e+00        0.000000e+00        
met2                VERTICAL            0.000000e+00        0.000000e+00        
met3                HORIZONTAL          0.000000e+00        0.000000e+00        
met4                VERTICAL            0.000000e+00        0.000000e+00        
==== Via R Values ====
Name                Res/Unit Distance   
licon               0.000000e+00        
mcon                0.000000e+00        
via                 0.000000e+00        
via2                0.000000e+00        
via3                0.000000e+00        
