
===========================================================================
 report_power
============================================================================
======================= min_tt_025C_1v80 Corner ===================================

Group                    Internal    Switching      Leakage        Total
                            Power        Power        Power        Power (Watts)
------------------------------------------------------------------------
Sequential           4.996379e-03 5.756861e-05 3.763661e-08 5.053986e-03  47.0%
Combinational        3.438584e-04 9.540379e-04 8.417339e-08 1.297980e-03  12.1%
Clock                2.252144e-03 2.151688e-03 2.672962e-07 4.404099e-03  40.9%
Macro                0.000000e+00 0.000000e+00 0.000000e+00 0.000000e+00   0.0%
Pad                  0.000000e+00 0.000000e+00 0.000000e+00 0.000000e+00   0.0%
------------------------------------------------------------------------
Total                7.592377e-03 3.163299e-03 3.891708e-07 1.075607e-02 100.0%
                            70.6%        29.4%         0.0%

