
===========================================================================
 report_power
============================================================================
======================= nom_tt_025C_1v80 Corner ===================================

Group                    Internal    Switching      Leakage        Total
                            Power        Power        Power        Power (Watts)
------------------------------------------------------------------------
Sequential           5.091449e-03 4.359360e-05 3.764861e-08 5.135080e-03  98.5%
Combinational        5.365222e-05 2.690721e-05 5.953294e-08 8.061896e-05   1.5%
Clock                0.000000e+00 0.000000e+00 0.000000e+00 0.000000e+00   0.0%
Macro                0.000000e+00 0.000000e+00 0.000000e+00 0.000000e+00   0.0%
Pad                  0.000000e+00 0.000000e+00 0.000000e+00 0.000000e+00   0.0%
------------------------------------------------------------------------
Total                5.145098e-03 7.050080e-05 9.717114e-08 5.215696e-03 100.0%
                            98.6%         1.4%         0.0%

