
===========================================================================
 report_power
============================================================================
======================= min_ff_n40C_1v95 Corner ===================================

Group                    Internal    Switching      Leakage        Total
                            Power        Power        Power        Power (Watts)
------------------------------------------------------------------------
Sequential           5.812575e-03 6.764683e-05 7.048448e-08 5.880292e-03  46.9%
Combinational        3.902859e-04 1.121673e-03 2.376127e-07 1.512196e-03  12.1%
Clock                2.577450e-03 2.566700e-03 3.292923e-07 5.144479e-03  41.0%
Macro                0.000000e+00 0.000000e+00 0.000000e+00 0.000000e+00   0.0%
Pad                  0.000000e+00 0.000000e+00 0.000000e+00 0.000000e+00   0.0%
------------------------------------------------------------------------
Total                8.780306e-03 3.756015e-03 6.374013e-07 1.253696e-02 100.0%
                            70.0%        30.0%         0.0%

