
===========================================================================
 report_power
============================================================================
======================= nom_ff_n40C_1v95 Corner ===================================

Group                    Internal    Switching      Leakage        Total
                            Power        Power        Power        Power (Watts)
------------------------------------------------------------------------
Sequential           1.374617e-03 2.156453e-06 6.504580e-08 1.376839e-03  99.3%
Combinational        6.268327e-06 2.961287e-06 1.811680e-07 9.410782e-06   0.7%
Clock                0.000000e+00 0.000000e+00 0.000000e+00 0.000000e+00   0.0%
Macro                0.000000e+00 0.000000e+00 0.000000e+00 0.000000e+00   0.0%
Pad                  0.000000e+00 0.000000e+00 0.000000e+00 0.000000e+00   0.0%
------------------------------------------------------------------------
Total                1.380885e-03 5.117741e-06 2.462138e-07 1.386249e-03 100.0%
                            99.6%         0.4%         0.0%

