
===========================================================================
 report_power
============================================================================
======================= nom_ff_n40C_1v95 Corner ===================================

Group                    Internal    Switching      Leakage        Total
                            Power        Power        Power        Power (Watts)
------------------------------------------------------------------------
Sequential           5.914527e-03 7.504081e-05 7.041093e-08 5.989639e-03  95.2%
Combinational        1.319868e-04 1.673165e-04 1.817311e-07 2.994850e-04   4.8%
Clock                0.000000e+00 0.000000e+00 0.000000e+00 0.000000e+00   0.0%
Macro                0.000000e+00 0.000000e+00 0.000000e+00 0.000000e+00   0.0%
Pad                  0.000000e+00 0.000000e+00 0.000000e+00 0.000000e+00   0.0%
------------------------------------------------------------------------
Total                6.046518e-03 2.423574e-04 2.521440e-07 6.289127e-03 100.0%
                            96.1%         3.9%         0.0%

