┏━━━━━━━━━━━━━━━━┳━━━━━━━┳━━━━━━━━━━━━━━━┳━━━━━━━━━━━━━━━━━━━━━━━━━━━━┳━━━━━━━━━━━━━━━━━━━━━━━━┳━━━━━━━━━━━━━━━━━━━━━━━━━━━━┓
┃ SYNTH_STRATEGY ┃ Gates ┃ Area (µm²)    ┃ Worst R2R Setup Slack (ns) ┃ Worst Setup Slack (ns) ┃ Total -ve Setup Slack (ns) ┃
┡━━━━━━━━━━━━━━━━╇━━━━━━━╇━━━━━━━━━━━━━━━╇━━━━━━━━━━━━━━━━━━━━━━━━━━━━╇━━━━━━━━━━━━━━━━━━━━━━━━╇━━━━━━━━━━━━━━━━━━━━━━━━━━━━┩
│ AREA 0         │ 14913 │ 185629.283200 │ 18.382818                  │ 18.382817566260055     │ 0.0                        │
│ AREA 1         │ 14797 │ 185360.275200 │ 18.353746                  │ 18.353745709404222     │ 0.0                        │
│ AREA 2         │ 14908 │ 186171.052800 │ 18.242098                  │ 18.24209812617663      │ 0.0                        │
│ AREA 3         │ 24733 │ 235794.896000 │ 18.602358                  │ 18.602357514250546     │ 0.0                        │
│ DELAY 0        │ 16530 │ 211466.563200 │ 18.921228                  │ 18.921227786795875     │ 0.0                        │
│ DELAY 1        │ 16062 │ 205623.459200 │ 19.372763                  │ 19.372763497287004     │ 0.0                        │
│ DELAY 2        │ 15769 │ 203012.204800 │ 19.444372                  │ 19.444371996222134     │ 0.0                        │
│ DELAY 3        │ 15996 │ 206417.971200 │ 19.586264                  │ 19.586263831852722     │ 0.0                        │
│ DELAY 4        │ 20093 │ 218654.707200 │ 19.269827                  │ 19.2698271682462       │ 0.0                        │
└────────────────┴───────┴───────────────┴────────────────────────────┴────────────────────────┴────────────────────────────┘
