
===========================================================================
 report_power
============================================================================
======================= nom_ss_100C_1v60 Corner ===================================

Group                    Internal    Switching      Leakage        Total
                            Power        Power        Power        Power (Watts)
------------------------------------------------------------------------
Sequential           4.061426e-03 3.220743e-05 5.811603e-05 4.151749e-03  97.6%
Combinational        2.940745e-05 1.274256e-05 5.958298e-05 1.017330e-04   2.4%
Clock                0.000000e+00 0.000000e+00 0.000000e+00 0.000000e+00   0.0%
Macro                0.000000e+00 0.000000e+00 0.000000e+00 0.000000e+00   0.0%
Pad                  0.000000e+00 0.000000e+00 0.000000e+00 0.000000e+00   0.0%
------------------------------------------------------------------------
Total                4.090832e-03 4.494999e-05 1.176886e-04 4.253470e-03 100.0%
                            96.2%         1.1%         2.8%

