145. Printing statistics.

=== hw_scheduler_top ===

        +----------Local Count, excluding submodules.
        |        +-Local Area, excluding submodules.
        |        | 
    21940        - wires
    24642        - wire bits
      244        - public wires
     2946        - public wire bits
       11        - ports
       18        - port bits
    24572 7.45E+04 cells
     6323        -   $_ANDNOT_
      414        -   $_AND_
     7825        -   $_MUX_
      576        -   $_NAND_
      903        -   $_NOR_
     1285        -   $_NOT_
      178        -   $_ORNOT_
     2698        -   $_OR_
       73        -   $_XNOR_
     1437        -   $_XOR_
     2709 7.12E+04   sky130_fd_sc_hd__dfrtp_2
       22  578.054   sky130_fd_sc_hd__dfstp_2
      129 2.74E+03   sky130_fd_sc_hd__dfxtp_2

   Area for cell type $_ANDNOT_ is unknown!
   Area for cell type $_AND_ is unknown!
   Area for cell type $_MUX_ is unknown!
   Area for cell type $_NAND_ is unknown!
   Area for cell type $_NOR_ is unknown!
   Area for cell type $_NOT_ is unknown!
   Area for cell type $_ORNOT_ is unknown!
   Area for cell type $_OR_ is unknown!
   Area for cell type $_XNOR_ is unknown!
   Area for cell type $_XOR_ is unknown!

   Chip area for module '\hw_scheduler_top': 74501.452800
     of which used for sequential elements: 74501.452800 (100.00%)

