┏━━━━━━━━━━━━━━━━━━━━━━┳━━━━━━━━━━┳━━━━━━━━━━┳━━━━━━━━━━┳━━━━━━━━━━┳━━━━━━━━━━┳━━━━━━━━━━━┳━━━━━━━━━━┳━━━━━━━━━━━┳━━━━━━━━━━┳━━━━━━━━━━━┳━━━━━━━━━━┳━━━━━━━━━━━┓
┃                      ┃ Hold     ┃ Reg to   ┃          ┃          ┃ of which ┃ Setup     ┃ Reg to   ┃           ┃ Setup    ┃ of which  ┃          ┃           ┃
┃                      ┃ Worst    ┃ Reg      ┃          ┃ Hold Vio ┃ reg to   ┃ Worst     ┃ Reg      ┃           ┃ Vio      ┃ reg to    ┃ Max Cap  ┃ Max Slew  ┃
┃ Corner/Group         ┃ Slack    ┃ Paths    ┃ Hold TNS ┃ Count    ┃ reg      ┃ Slack     ┃ Paths    ┃ Setup TNS ┃ Count    ┃ reg       ┃ Violati… ┃ Violatio… ┃
┡━━━━━━━━━━━━━━━━━━━━━━╇━━━━━━━━━━╇━━━━━━━━━━╇━━━━━━━━━━╇━━━━━━━━━━╇━━━━━━━━━━╇━━━━━━━━━━━╇━━━━━━━━━━╇━━━━━━━━━━━╇━━━━━━━━━━╇━━━━━━━━━━━╇━━━━━━━━━━╇━━━━━━━━━━━┩
│ Overall              │ 0.0989   │ 0.1583   │ 0.0000   │ 0        │ 0        │ -10.2036  │ -10.2036 │ -5244.50… │ 2121     │ 2121      │ 98       │ 17094     │
│ nom_tt_025C_1v80     │ 0.1886   │ 0.2852   │ 0.0000   │ 0        │ 0        │ 6.5134    │ 6.5134   │ 0.0000    │ 0        │ 0         │ 49       │ 12364     │
│ nom_ss_100C_1v60     │ 0.1752   │ 0.6177   │ 0.0000   │ 0        │ 0        │ -10.2036  │ -10.2036 │ -5244.50… │ 2121     │ 2121      │ 98       │ 17094     │
│ nom_ff_n40C_1v95     │ 0.0989   │ 0.1583   │ 0.0000   │ 0        │ 0        │ 11.7618   │ 13.8210  │ 0.0000    │ 0        │ 0         │ 38       │ 9630      │
└──────────────────────┴──────────┴──────────┴──────────┴──────────┴──────────┴───────────┴──────────┴───────────┴──────────┴───────────┴──────────┴───────────┘
