┏━━━━━━━━━━━━━━━━━━━━━━┳━━━━━━━━━━┳━━━━━━━━━━┳━━━━━━━━━━┳━━━━━━━━━━┳━━━━━━━━━━┳━━━━━━━━━━━┳━━━━━━━━━━┳━━━━━━━━━━━┳━━━━━━━━━━┳━━━━━━━━━━━┳━━━━━━━━━━┳━━━━━━━━━━━┓
┃                      ┃ Hold     ┃ Reg to   ┃          ┃          ┃ of which ┃ Setup     ┃ Reg to   ┃           ┃ Setup    ┃ of which  ┃          ┃           ┃
┃                      ┃ Worst    ┃ Reg      ┃          ┃ Hold Vio ┃ reg to   ┃ Worst     ┃ Reg      ┃           ┃ Vio      ┃ reg to    ┃ Max Cap  ┃ Max Slew  ┃
┃ Corner/Group         ┃ Slack    ┃ Paths    ┃ Hold TNS ┃ Count    ┃ reg      ┃ Slack     ┃ Paths    ┃ Setup TNS ┃ Count    ┃ reg       ┃ Violati… ┃ Violatio… ┃
┡━━━━━━━━━━━━━━━━━━━━━━╇━━━━━━━━━━╇━━━━━━━━━━╇━━━━━━━━━━╇━━━━━━━━━━╇━━━━━━━━━━╇━━━━━━━━━━━╇━━━━━━━━━━╇━━━━━━━━━━━╇━━━━━━━━━━╇━━━━━━━━━━━╇━━━━━━━━━━╇━━━━━━━━━━━┩
│ Overall              │ 0.1312   │ 0.1312   │ 0.0000   │ 0        │ 0        │ -4.5432   │ -4.5432  │ -1949.32… │ 1780     │ 1780      │ 0        │ 0         │
│ nom_tt_025C_1v80     │ 0.2589   │ 0.2589   │ 0.0000   │ 0        │ 0        │ 9.6394    │ 10.0127  │ 0.0000    │ 0        │ 0         │ 0        │ 0         │
│ nom_ss_100C_1v60     │ 0.4548   │ 0.6074   │ 0.0000   │ 0        │ 0        │ -3.4580   │ -3.4580  │ -1390.92… │ 592      │ 592       │ 0        │ 0         │
│ nom_ff_n40C_1v95     │ 0.1317   │ 0.1317   │ 0.0000   │ 0        │ 0        │ 10.5618   │ 15.2240  │ 0.0000    │ 0        │ 0         │ 0        │ 0         │
│ min_tt_025C_1v80     │ 0.2582   │ 0.2582   │ 0.0000   │ 0        │ 0        │ 9.7174    │ 10.6221  │ 0.0000    │ 0        │ 0         │ 0        │ 0         │
│ min_ss_100C_1v60     │ 0.4351   │ 0.6062   │ 0.0000   │ 0        │ 0        │ -2.3386   │ -2.3386  │ -824.0908 │ 592      │ 592       │ 0        │ 0         │
│ min_ff_n40C_1v95     │ 0.1312   │ 0.1312   │ 0.0000   │ 0        │ 0        │ 10.6068   │ 15.6167  │ 0.0000    │ 0        │ 0         │ 0        │ 0         │
│ max_tt_025C_1v80     │ 0.2115   │ 0.2593   │ 0.0000   │ 0        │ 0        │ 9.4086    │ 9.4086   │ 0.0000    │ 0        │ 0         │ 0        │ 0         │
│ max_ss_100C_1v60     │ 0.4372   │ 0.6081   │ 0.0000   │ 0        │ 0        │ -4.5432   │ -4.5432  │ -1949.32… │ 596      │ 596       │ 0        │ 0         │
│ max_ff_n40C_1v95     │ 0.1320   │ 0.1320   │ 0.0000   │ 0        │ 0        │ 10.5240   │ 14.8380  │ 0.0000    │ 0        │ 0         │ 0        │ 0         │
└──────────────────────┴──────────┴──────────┴──────────┴──────────┴──────────┴───────────┴──────────┴───────────┴──────────┴───────────┴──────────┴───────────┘
