
===========================================================================
 report_power
============================================================================
======================= nom_ss_100C_1v60 Corner ===================================

Group                    Internal    Switching      Leakage        Total
                            Power        Power        Power        Power (Watts)
------------------------------------------------------------------------
Sequential           4.064892e-03 5.322909e-05 5.809508e-05 4.176216e-03  92.0%
Combinational        1.163618e-04 1.440295e-04 1.040056e-04 3.643970e-04   8.0%
Clock                0.000000e+00 0.000000e+00 0.000000e+00 0.000000e+00   0.0%
Macro                0.000000e+00 0.000000e+00 0.000000e+00 0.000000e+00   0.0%
Pad                  0.000000e+00 0.000000e+00 0.000000e+00 0.000000e+00   0.0%
------------------------------------------------------------------------
Total                4.181249e-03 1.972586e-04 1.621051e-04 4.540612e-03 100.0%
                            92.1%         4.3%         3.6%

