
===========================================================================
 report_power
============================================================================
======================= nom_ss_100C_1v60 Corner ===================================

Group                    Internal    Switching      Leakage        Total
                            Power        Power        Power        Power (Watts)
------------------------------------------------------------------------
Sequential           9.443419e-04 1.391827e-06 5.242978e-05 9.981635e-04  90.3%
Combinational        4.411699e-06 1.871823e-06 1.012382e-04 1.075217e-04   9.7%
Clock                0.000000e+00 0.000000e+00 0.000000e+00 0.000000e+00   0.0%
Macro                0.000000e+00 0.000000e+00 0.000000e+00 0.000000e+00   0.0%
Pad                  0.000000e+00 0.000000e+00 0.000000e+00 0.000000e+00   0.0%
------------------------------------------------------------------------
Total                9.487535e-04 3.263649e-06 1.536792e-04 1.105696e-03 100.0%
                            85.8%         0.3%        13.9%

