
===========================================================================
 report_power
============================================================================
======================= nom_ff_n40C_1v95 Corner ===================================

Group                    Internal    Switching      Leakage        Total
                            Power        Power        Power        Power (Watts)
------------------------------------------------------------------------
Sequential           5.811689e-03 7.371626e-05 7.048448e-08 5.885476e-03  46.1%
Combinational        3.911764e-04 1.204725e-03 2.376127e-07 1.596139e-03  12.5%
Clock                2.578106e-03 2.699781e-03 3.292923e-07 5.278216e-03  41.4%
Macro                0.000000e+00 0.000000e+00 0.000000e+00 0.000000e+00   0.0%
Pad                  0.000000e+00 0.000000e+00 0.000000e+00 0.000000e+00   0.0%
------------------------------------------------------------------------
Total                8.780946e-03 3.978226e-03 6.374013e-07 1.275981e-02 100.0%
                            68.8%        31.2%         0.0%

