
===========================================================================
 report_power
============================================================================
======================= nom_tt_025C_1v80 Corner ===================================

Group                    Internal    Switching      Leakage        Total
                            Power        Power        Power        Power (Watts)
------------------------------------------------------------------------
Sequential           1.183597e-03 1.642530e-06 3.387863e-08 1.185274e-03  99.6%
Combinational        2.924542e-06 1.426215e-06 4.230990e-08 4.393067e-06   0.4%
Clock                0.000000e+00 0.000000e+00 0.000000e+00 0.000000e+00   0.0%
Macro                0.000000e+00 0.000000e+00 0.000000e+00 0.000000e+00   0.0%
Pad                  0.000000e+00 0.000000e+00 0.000000e+00 0.000000e+00   0.0%
------------------------------------------------------------------------
Total                1.186522e-03 3.068746e-06 7.618461e-08 1.189666e-03 100.0%
                            99.7%         0.3%         0.0%

