
===========================================================================
 report_power
============================================================================
======================= nom_tt_025C_1v80 Corner ===================================

Group                    Internal    Switching      Leakage        Total
                            Power        Power        Power        Power (Watts)
------------------------------------------------------------------------
Sequential           5.091574e-03 4.409528e-05 3.764388e-08 5.135707e-03  99.0%
Combinational        3.582560e-05 1.700152e-05 4.249318e-08 5.286962e-05   1.0%
Clock                0.000000e+00 0.000000e+00 0.000000e+00 0.000000e+00   0.0%
Macro                0.000000e+00 0.000000e+00 0.000000e+00 0.000000e+00   0.0%
Pad                  0.000000e+00 0.000000e+00 0.000000e+00 0.000000e+00   0.0%
------------------------------------------------------------------------
Total                5.127398e-03 6.109680e-05 8.013134e-08 5.188575e-03 100.0%
                            98.8%         1.2%         0.0%

