
===========================================================================
 report_power
============================================================================
======================= nom_tt_025C_1v80 Corner ===================================

Group                    Internal    Switching      Leakage        Total
                            Power        Power        Power        Power (Watts)
------------------------------------------------------------------------
Sequential           4.755349e-03 1.019983e-04 3.455943e-08 4.857382e-03  92.7%
Combinational        2.202976e-04 1.621774e-04 5.083568e-08 3.825258e-04   7.3%
Clock                0.000000e+00 0.000000e+00 0.000000e+00 0.000000e+00   0.0%
Macro                0.000000e+00 0.000000e+00 0.000000e+00 0.000000e+00   0.0%
Pad                  0.000000e+00 0.000000e+00 0.000000e+00 0.000000e+00   0.0%
------------------------------------------------------------------------
Total                4.975636e-03 2.641755e-04 8.538859e-08 5.239897e-03 100.0%
                            95.0%         5.0%         0.0%

