┏━━━━━━━━━━━━━━━━━━━━━━┳━━━━━━━━━━┳━━━━━━━━━━┳━━━━━━━━━━┳━━━━━━━━━━┳━━━━━━━━━━━┳━━━━━━━━━━┳━━━━━━━━━━━┳━━━━━━━━━━┳━━━━━━━━━━━┳━━━━━━━━━━┳━━━━━━━━━━━┳━━━━━━━━━━┓
┃                      ┃ Hold     ┃ Reg to   ┃          ┃          ┃ of which  ┃ Setup    ┃           ┃          ┃           ┃ of which ┃           ┃          ┃
┃                      ┃ Worst    ┃ Reg      ┃          ┃ Hold Vio ┃ reg to    ┃ Worst    ┃ Reg to    ┃ Setup    ┃ Setup Vio ┃ reg to   ┃ Max Cap   ┃ Max Slew ┃
┃ Corner/Group         ┃ Slack    ┃ Paths    ┃ Hold TNS ┃ Count    ┃ reg       ┃ Slack    ┃ Reg Paths ┃ TNS      ┃ Count     ┃ reg      ┃ Violatio… ┃ Violati… ┃
┡━━━━━━━━━━━━━━━━━━━━━━╇━━━━━━━━━━╇━━━━━━━━━━╇━━━━━━━━━━╇━━━━━━━━━━╇━━━━━━━━━━━╇━━━━━━━━━━╇━━━━━━━━━━━╇━━━━━━━━━━╇━━━━━━━━━━━╇━━━━━━━━━━╇━━━━━━━━━━━╇━━━━━━━━━━┩
│ Overall              │ -0.7348  │ 0.1116   │ -1999.7… │ 8737     │ 0         │ 1.1037   │ 1.1037    │ 0.0000   │ 0         │ 0        │ 4         │ 4665     │
│ nom_tt_025C_1v80     │ -0.4156  │ 0.2423   │ -1132.5… │ 2954     │ 0         │ 11.0110  │ 12.0810   │ 0.0000   │ 0         │ 0        │ 2         │ 1500     │
│ nom_ss_100C_1v60     │ -0.7348  │ 0.5801   │ -1999.7… │ 2733     │ 0         │ 1.1037   │ 1.1037    │ 0.0000   │ 0         │ 0        │ 4         │ 4665     │
│ nom_ff_n40C_1v95     │ -0.3048  │ 0.1116   │ -845.69… │ 3050     │ 0         │ 11.5178  │ 16.7057   │ 0.0000   │ 0         │ 0        │ 2         │ 645      │
└──────────────────────┴──────────┴──────────┴──────────┴──────────┴───────────┴──────────┴───────────┴──────────┴───────────┴──────────┴───────────┴──────────┘
