┏━━━━━━━━━━━━━━━━━━━━━━┳━━━━━━━━━━┳━━━━━━━━━━┳━━━━━━━━━━┳━━━━━━━━━━┳━━━━━━━━━━━┳━━━━━━━━━━┳━━━━━━━━━━━┳━━━━━━━━━━┳━━━━━━━━━━━┳━━━━━━━━━━┳━━━━━━━━━━━┳━━━━━━━━━━┓
┃                      ┃ Hold     ┃ Reg to   ┃          ┃          ┃ of which  ┃ Setup    ┃           ┃          ┃           ┃ of which ┃           ┃          ┃
┃                      ┃ Worst    ┃ Reg      ┃          ┃ Hold Vio ┃ reg to    ┃ Worst    ┃ Reg to    ┃ Setup    ┃ Setup Vio ┃ reg to   ┃ Max Cap   ┃ Max Slew ┃
┃ Corner/Group         ┃ Slack    ┃ Paths    ┃ Hold TNS ┃ Count    ┃ reg       ┃ Slack    ┃ Reg Paths ┃ TNS      ┃ Count     ┃ reg      ┃ Violatio… ┃ Violati… ┃
┡━━━━━━━━━━━━━━━━━━━━━━╇━━━━━━━━━━╇━━━━━━━━━━╇━━━━━━━━━━╇━━━━━━━━━━╇━━━━━━━━━━━╇━━━━━━━━━━╇━━━━━━━━━━━╇━━━━━━━━━━╇━━━━━━━━━━━╇━━━━━━━━━━╇━━━━━━━━━━━╇━━━━━━━━━━┩
│ Overall              │ -0.7348  │ 0.0806   │ -10.8408 │ 423      │ 0         │ 18.6024  │ 18.6024   │ 0.0000   │ 0         │ 0        │ 7         │ 8842     │
│ nom_tt_025C_1v80     │ -0.4156  │ 0.2068   │ -1.3216  │ 209      │ 0         │ 48.4170  │ 48.4170   │ 0.0000   │ 0         │ 0        │ 3         │ 5127     │
│ nom_ss_100C_1v60     │ -0.7348  │ 0.5543   │ -1.5806  │ 4        │ 0         │ 18.6024  │ 18.6024   │ 0.0000   │ 0         │ 0        │ 7         │ 8842     │
│ nom_ff_n40C_1v95     │ -0.3048  │ 0.0806   │ -10.8408 │ 210      │ 0         │ 50.0170  │ 63.0744   │ 0.0000   │ 0         │ 0        │ 3         │ 3831     │
└──────────────────────┴──────────┴──────────┴──────────┴──────────┴───────────┴──────────┴───────────┴──────────┴───────────┴──────────┴───────────┴──────────┘
