Clock: clk
Sources: clk 
Generated: no
Virtual: no
Propagated: no
Period: 100.000000

===========================================================================
report_clock_properties
============================================================================
Clock                   Period          Waveform
----------------------------------------------------
clk                 100.000000    0.000000 50.000000

===========================================================================
report_clock_latency
============================================================================
Clock clk
rise -> rise
    min     max
0.000000 0.000000 source latency
1.212363         network latency _28110_/CLK
        1.455980 network latency _26751_/CLK
---------------
1.212363 1.455980 latency
        0.243617 skew

fall -> fall
    min     max
0.000000 0.000000 source latency
1.271801         network latency _28110_/CLK
        1.506439 network latency _26751_/CLK
---------------
1.271801 1.506439 latency
        0.234639 skew



===========================================================================
report_clock_min_period
============================================================================
clk period_min = 45.33 fmax = 22.06
