
===========================================================================
 report_power
============================================================================
======================= nom_ss_100C_1v60 Corner ===================================

Group                    Internal    Switching      Leakage        Total
                            Power        Power        Power        Power (Watts)
------------------------------------------------------------------------
Sequential           9.443921e-04 1.995844e-06 5.242761e-05 9.988155e-04  57.7%
Combinational        4.655236e-06 4.102244e-06 9.212498e-05 1.008825e-04   5.8%
Clock                4.192663e-04 2.042440e-04 6.408776e-06 6.299191e-04  36.4%
Macro                0.000000e+00 0.000000e+00 0.000000e+00 0.000000e+00   0.0%
Pad                  0.000000e+00 0.000000e+00 0.000000e+00 0.000000e+00   0.0%
------------------------------------------------------------------------
Total                1.368311e-03 2.103421e-04 1.509598e-04 1.729613e-03 100.0%
                            79.1%        12.2%         8.7%
Writing metric power__internal__total: 0.001368310651741922
Writing metric power__switching__total: 0.00021034212841186672
Writing metric power__leakage__total: 0.00015095979324541986
Writing metric power__total: 0.0017296125879511237

